
> jonas-orbit-v3@0.1.0 check
> npm run lint && npm run typecheck && npm run knip && npm run test && npm run build


> jonas-orbit-v3@0.1.0 lint
> eslint --max-warnings=0


> jonas-orbit-v3@0.1.0 pretypecheck
> velite

[VELITE] issues:
content/es/worlds/edmunds.mdx
 info The content is empty  body

content/es/worlds/gargantua.mdx
 info The content is empty  body

content/es/worlds/miller.mdx
 info The content is empty  body

content/es/worlds/ranger.mdx
 info The content is empty  body

content/es/worlds/tesseract.mdx
 info The content is empty  body 
[32m[VELITE][0m build finished in 288.57ms

> jonas-orbit-v3@0.1.0 typecheck
> tsc --noEmit


> jonas-orbit-v3@0.1.0 knip
> knip

Configuration hints (1)
.css    knip.json  Compiled extension excluded by project (imports not followed)

> jonas-orbit-v3@0.1.0 pretest
> velite

[VELITE] issues:
content/es/worlds/edmunds.mdx
 info The content is empty  body

content/es/worlds/gargantua.mdx
 info The content is empty  body

content/es/worlds/miller.mdx
 info The content is empty  body

content/es/worlds/ranger.mdx
 info The content is empty  body

content/es/worlds/tesseract.mdx
 info The content is empty  body 
[32m[VELITE][0m build finished in 763.63ms

> jonas-orbit-v3@0.1.0 test
> vitest run

The plugin "vite-tsconfig-paths" is detected. Vite now supports tsconfig paths resolution natively via the resolve.tsconfigPaths option. You can remove the plugin and set resolve.tsconfigPaths: true in your Vite config instead.

 RUN  v4.1.10 C:/Users/savage/Documents/kimi/Workspaces/portafolio espacial/jonas-orbit-v3

Not implemented: HTMLCanvasElement's getContext() method: without installing the canvas npm package
Not implemented: HTMLCanvasElement's getContext() method: without installing the canvas npm package
Not implemented: HTMLCanvasElement's getContext() method: without installing the canvas npm package
Not implemented: HTMLCanvasElement's getContext() method: without installing the canvas npm package
Not implemented: HTMLCanvasElement's getContext() method: without installing the canvas npm package
Not implemented: HTMLCanvasElement's getContext() method: without installing the canvas npm package
Not implemented: HTMLCanvasElement's getContext() method: without installing the canvas npm package
Not implemented: HTMLCanvasElement's getContext() method: without installing the canvas npm package
Not implemented: HTMLCanvasElement's getContext() method: without installing the canvas npm package
Not implemented: HTMLCanvasElement's getContext() method: without installing the canvas npm package
Not implemented: HTMLCanvasElement's getContext() method: without installing the canvas npm package
 ❯ components/observatory-chrome.test.tsx (30 tests | 1 failed) 15298ms
     × los mandos se llaman exactamente como los busca la herramienta de captura 5207ms

⎯⎯⎯⎯⎯⎯⎯ Failed Tests 1 ⎯⎯⎯⎯⎯⎯⎯

 FAIL  components/observatory-chrome.test.tsx > Observatorio · cromo instrumental > los mandos se llaman exactamente como los busca la herramienta de captura
Error: Test timed out in 5000ms.
If this is a long-running test, pass a timeout value as the last argument or configure it globally with "testTimeout".
 ❯ components/observatory-chrome.test.tsx:317:3
    315| describe("Observatorio · cromo instrumental", () => {
    316|   beforeEach(conEquipo);
    317|   it("los mandos se llaman exactamente como los busca la herramienta d…
       |   ^
    318|     await mount();
    319|     // En testing-library un `name` de tipo string ya es coincidencia …

⎯⎯⎯⎯⎯⎯⎯⎯⎯⎯⎯⎯⎯⎯⎯⎯⎯⎯⎯⎯⎯⎯⎯⎯[1/1]⎯


 Test Files  1 failed | 50 passed (51)
      Tests  1 failed | 405 passed (406)
   Start at  22:32:45
   Duration  20.52s (transform 17.39s, setup 34.08s, import 30.43s, tests 59.38s, environment 112.36s)

