[WebServer] (node:12592) Warning: The 'NO_COLOR' env is ignored due to the 'FORCE_COLOR' env being set.
[WebServer] (Use `node --trace-warnings ...` to show where the warning was created)

Running 8 tests using 2 workers

(node:26292) Warning: The 'NO_COLOR' env is ignored due to the 'FORCE_COLOR' env being set.
(Use `node --trace-warnings ...` to show where the warning was created)
(node:25936) Warning: The 'NO_COLOR' env is ignored due to the 'FORCE_COLOR' env being set.
(Use `node --trace-warnings ...` to show where the warning was created)
[WebServer] Error: Internal: NoFallbackError
[WebServer]     at ignore-listed frames
  ok 2 [chromium] › e2e\smoke.spec.ts:150:7 › smoke — el Sistema Gargantúa y sus 7 rutas › G1 · cada mundo responde 200 en su ruta y una desconocida da 404 (1.5s)
  ok 3 [chromium] › e2e\smoke.spec.ts:491:7 › smoke — el Sistema Gargantúa y sus 7 rutas › A32 · ninguna de las 7 rutas desborda en 375px (1.1s)
  ok 4 [chromium] › e2e\smoke.spec.ts:563:7 › G3 · el HTML de /es sirve el contenido sin JavaScript › los seis mundos se leen enteros sin JavaScript (894ms)
(node:18828) Warning: The 'NO_COLOR' env is ignored due to the 'FORCE_COLOR' env being set.
(Use `node --trace-warnings ...` to show where the warning was created)
[WebServer] Error: Internal: NoFallbackError
[WebServer]     at ignore-listed frames
  ok 5 [mobile-chromium] › e2e\smoke.spec.ts:150:7 › smoke — el Sistema Gargantúa y sus 7 rutas › G1 · cada mundo responde 200 en su ruta y una desconocida da 404 (1.6s)
  ok 6 [mobile-chromium] › e2e\smoke.spec.ts:400:7 › smoke — el Sistema Gargantúa y sus 7 rutas › A29 · se recorren las 7 rutas y se escribe en el formulario solo con teclado (3.1s)
  ok 7 [mobile-chromium] › e2e\smoke.spec.ts:491:7 › smoke — el Sistema Gargantúa y sus 7 rutas › A32 · ninguna de las 7 rutas desborda en 375px (1.2s)
  ok 8 [mobile-chromium] › e2e\smoke.spec.ts:563:7 › G3 · el HTML de /es sirve el contenido sin JavaScript › los seis mundos se leen enteros sin JavaScript (591ms)
  ok 1 [chromium] › e2e\smoke.spec.ts:400:7 › smoke — el Sistema Gargantúa y sus 7 rutas › A29 · se recorren las 7 rutas y se escribe en el formulario solo con teclado (17.5s)

  8 passed (21.9s)
