
> jonas-orbit-v3@0.1.0 prebuild
> velite

[VELITE] issues:
content/es/worlds/edmunds.mdx
 info The content is empty  body

content/es/worlds/gargantua.mdx
 info The content is empty  body

content/es/worlds/miller.mdx
 info The content is empty  body

content/es/worlds/ranger.mdx
 info The content is empty  body

content/es/worlds/tesseract.mdx
 info The content is empty  body 
[32m[VELITE][0m build finished in 510.93ms

> jonas-orbit-v3@0.1.0 build
> next build

▲ Next.js 16.2.11 (Turbopack)

  Creating an optimized production build ...
✓ Compiled successfully in 3.6s
  Running TypeScript ...
  Finished TypeScript in 7.6s ...
  Collecting page data using 15 workers ...
  Generating static pages using 15 workers (0/27) ...
  Generating static pages using 15 workers (6/27) 
  Generating static pages using 15 workers (13/27) 
  Generating static pages using 15 workers (20/27) 
✓ Generating static pages using 15 workers (27/27) in 862ms
  Finalizing page optimization ...

Route (app)
┌ ○ /_not-found
├ ● /[locale]
│ └ /es
├ ● /[locale]/[mundo]
│ ├ /es/sobre-mi
│ ├ /es/formacion
│ ├ /es/creatividad
│ └ /es/experimentos
├ ● /-/-/opengraph-image
│ ├ /es/sobre-mi/opengraph-image
│ ├ /es/formacion/opengraph-image
│ ├ /es/creatividad/opengraph-image
│ └ /es/experimentos/opengraph-image
├ ● /[locale]/contacto
│ └ /es/contacto
├ ● /[locale]/contacto/gracias
│ └ /es/contacto/gracias
├ ● /-/contacto/opengraph-image
│ └ /es/contacto/opengraph-image
├ ● /[locale]/privacidad
│ └ /es/privacidad
├ ● /[locale]/proyectos
│ └ /es/proyectos
├ ● /[locale]/proyectos/[slug]
│ ├ /es/proyectos/omsta
│ ├ /es/proyectos/izaks-photos
│ ├ /es/proyectos/wikiverse
│ └ /es/proyectos/network-3-0
├ ● /-/proyectos/opengraph-image
│ └ /es/proyectos/opengraph-image
├ ƒ /api/contact
├ ○ /apple-icon.png
├ ○ /icon.svg
├ ○ /opengraph-image
├ ○ /robots.txt
└ ○ /sitemap.xml


○  (Static)   prerendered as static content
●  (SSG)      prerendered as static HTML (uses generateStaticParams)
ƒ  (Dynamic)  server-rendered on demand

